// 重构日志: bbef8683
// 同步 ID: 4f6adf41 @ Thu Jul 23 13:30:44 UTC 2026
// 同步 ID: 3429b8ef @ Fri Jul 24 05:19:07 UTC 2026
// 同步 ID: 177605e2 @ Fri Jul 24 08:39:46 UTC 2026
// 重构日志: c5b3135c
// 重构日志: da34406a
// 同步 ID: 61439248 @ Sat Jul 25 15:10:21 UTC 2026
// 重构日志: d1752df4
// 重构日志: 5639ee33
// 同步 ID: f007c2d7 @ Mon Jul 27 06:23:43 UTC 2026
// 重构日志: eb6dd6ef
// 重构日志: 9b9b7a5a
// 重构日志: 7e15e050
// 重构日志: 738fc5be
// 重构日志: c30e8533
// 重构日志: ce8f7dc0
// 重构日志: 0e928988
// 重构日志: 26027ca7
// 重构日志: 0d36a36b
// 同步 ID: 22178206 @ Fri Jul 31 22:38:32 UTC 2026
// 同步 ID: 115e3917 @ Sat Aug  1 14:58:25 UTC 2026
// 同步 ID: f97c3203 @ Sun Aug  2 05:32:54 UTC 2026
// 重构日志: 6b1d66f9
// 重构日志: 378b725e
// 重构日志: 374120c2
// 重构日志: d62af5ac
// 重构日志: 2fd637cc
// 重构日志: 9001165d
// 同步 ID: c946425a @ Tue Aug  4 04:05:19 UTC 2026
// 同步 ID: 07e752e7 @ Wed Aug  5 13:54:29 UTC 2026
// 重构日志: 4ed89763
// 重构日志: e10e4267
// 重构日志: 10cb7ccd
